[debug] [2026-09-24T07:04:13.796Z] ----------------------------------------------------------------------
[debug] [2026-09-24T07:04:13.799Z] Command:       C:\Program Files\nodejs\node.exe C:\Users\erich\AppData\Roaming\npm\node_modules\firebase-tools\lib\bin\firebase.js deploy
[debug] [2026-09-24T07:04:13.799Z] CLI Version:   15.31.0
[debug] [2026-09-24T07:04:13.800Z] Platform:      win32
[debug] [2026-09-24T07:04:13.800Z] Node Version:  v20.17.0
[debug] [2026-09-24T07:04:13.800Z] Detected Agent: unknown
[debug] [2026-09-24T07:04:13.800Z] Time:          Thu Sep 24 2026 15:04:13 GMT+0800 (Philippine Standard Time)
[debug] [2026-09-24T07:04:13.800Z] ----------------------------------------------------------------------
[debug] 
[debug] [2026-09-24T07:04:16.607Z] Error [ERR_REQUIRE_ESM]: require() of ES Module C:\Users\erich\AppData\Roaming\npm\node_modules\firebase-tools\node_modules\stream-chain\src\node\index.js from C:\Users\erich\AppData\Roaming\npm\node_modules\firebase-tools\lib\frameworks\next\index.js not supported.
Instead change the require of C:\Users\erich\AppData\Roaming\npm\node_modules\firebase-tools\node_modules\stream-chain\src\node\index.js in C:\Users\erich\AppData\Roaming\npm\node_modules\firebase-tools\lib\frameworks\next\index.js to a dynamic import() which is available in all CommonJS modules.
    at Object.<anonymous> (C:\Users\erich\AppData\Roaming\npm\node_modules\firebase-tools\lib\frameworks\next\index.js:18:24)
[error] 
[error] Error: An unexpected error has occurred.
[debug] [2026-09-24T07:04:24.572Z] ----------------------------------------------------------------------
[debug] [2026-09-24T07:04:24.575Z] Command:       C:\Program Files\nodejs\node.exe C:\Users\erich\AppData\Roaming\npm\node_modules\firebase-tools\lib\bin\firebase.js deploy
[debug] [2026-09-24T07:04:24.575Z] CLI Version:   15.31.0
[debug] [2026-09-24T07:04:24.575Z] Platform:      win32
[debug] [2026-09-24T07:04:24.575Z] Node Version:  v20.17.0
[debug] [2026-09-24T07:04:24.575Z] Detected Agent: unknown
[debug] [2026-09-24T07:04:24.576Z] Time:          Thu Sep 24 2026 15:04:24 GMT+0800 (Philippine Standard Time)
[debug] [2026-09-24T07:04:24.576Z] ----------------------------------------------------------------------
[debug] 
[debug] [2026-09-24T07:04:24.694Z] Error [ERR_REQUIRE_ESM]: require() of ES Module C:\Users\erich\AppData\Roaming\npm\node_modules\firebase-tools\node_modules\stream-chain\src\node\index.js from C:\Users\erich\AppData\Roaming\npm\node_modules\firebase-tools\lib\frameworks\next\index.js not supported.
Instead change the require of C:\Users\erich\AppData\Roaming\npm\node_modules\firebase-tools\node_modules\stream-chain\src\node\index.js in C:\Users\erich\AppData\Roaming\npm\node_modules\firebase-tools\lib\frameworks\next\index.js to a dynamic import() which is available in all CommonJS modules.
    at Object.<anonymous> (C:\Users\erich\AppData\Roaming\npm\node_modules\firebase-tools\lib\frameworks\next\index.js:18:24)
[error] 
[error] Error: An unexpected error has occurred.
